---
source: zellij-server/src/./unit/screen_tests.rs
assertion_line: 1162
expression: "format!(\"{}\", snapshot_count)"
---
2
