---
source: zellij-server/src/./unit/screen_tests.rs
assertion_line: 1175
expression: "format!(\"{}\", snapshot_count)"
---
4
