---
source: zellij-server/src/./unit/screen_tests.rs
assertion_line: 939
expression: "format!(\"{:?}\", cursor_coordinates)"
---
Some((1, 1))
