---
source: zellij-server/src/./unit/screen_tests.rs
assertion_line: 2461
expression: "format!(\"{}\", snapshot_count)"
---
3
