---
source: src/tests/e2e/cases.rs
assertion_line: 2175
expression: last_snapshot
---
 Zellij (e2e-test)  Tab #1 
┌ Pane #1 ────────────────────────────────────────────────────────────────┐┌ /usr/src/zellij/fixtures/append-echo-script.sh ─────────────────────────┐
│$ /usr/src/zellij/x86_64-unknown-linux-musl/release/zellij run -s -- "/us││foo                                                                      │
│r/src/zellij/fixtures/append-echo-script.sh"                             ││foo                                                                      │
│$                                                                        ││█                                                                        │
│                                                                         ││                                                                         │
│                                                                         ││                                                                         │
│                                                                         ││                                                                         │
│                                                                         ││                                                                         │
│                                                                         ││                                                                         │
│                                                                         ││                                                                         │
│                                                                         ││                                                                         │
│                                                                         ││                                                                         │
│                                                                         ││                                                                         │
│                                                                         ││                                                                         │
│                                                                         ││                                                                         │
│                                                                         ││                                                                         │
│                                                                         ││                                                                         │
│                                                                         ││                                                                         │
│                                                                         ││                                                                         │
│                                                                         ││                                                                         │
└─────────────────────────────────────────────────────────────────────────┘└ [ EXIT CODE: 0 ] <ENTER> re-run, <ESC> drop to shell, <Ctrl-c> exit ────┘
 Ctrl + <g> LOCK  <p> PANE  <t> TAB  <n> RESIZE  <h> MOVE  <s> SEARCH  <o> SESSION  <q> QUIT                 Alt + <[]>  VERTICAL 
 Tip: Alt + <n> => open new pane. Alt + <←↓↑→> or Alt + <hjkl> => navigate between panes. Alt + <+|-> => increase/decrease pane size.                 
