---
source: zellij-server/src/panes/./unit/grid_tests.rs
expression: "format!(\"{:?}\", grid)"

---
00 (C): line 10aaaaaaaaaaaaaaaaaaaaaaaaaaaaaaaaaaaaaaaaaa
01 (C): line 11aaaaaaaaaaaaaaaaaaaaaaaaaaaaaaaaaaaaaaaaaa
02 (C): line 12aaaaaaaaaaaaaaaaaaaaaaaaaaaaaaaaaaaaaaaaaa
03 (C): line 13aaaaaaaaaaaaaaaaaaaaaaaaaaaaaaaaaaaaaaaaaa
04 (C): line 14aaaaaaaaaaaaaaaaaaaaaaaaaaaaaaaaaaaaaaaaaa
05 (C): line 15aaaaaaaaaaaaaaaaaaaaaaaaaaaaaaaaaaaaaaaaaa
06 (C): line 16aaaaaaaaaaaaaaaaaaaaaaaaaaaaaaaaaaaaaaaaaa
07 (C): line 17aaaaaaaaaaaaaaaaaaaaaaaaaaaaaaaaaaaaaaaaaa
08 (C): line 18aaaaaaaaaaaaaaaaaaaaaaaaaaaaaaaaaaaaaaaaaa
09 (C): line 19aaaaaaaaaaaaaaaaaaaaaaaaaaaaaaaaaaaaaaaaaa

