---
source: zellij-server/src/panes/./unit/grid_tests.rs
expression: "format!(\"{:?}\", grid)"

---
00 (C): 1234567890123456789012345678901234567890123456789012345678901234567890123456789                               
01 (C):                                                                                                               
02 (C):   This is 80 column mode, light background.                                                                   
03 (C):    This is 80 column mode, light background.                                                                  
04 (C):     This is 80 column mode, light background.                                                                 
05 (C):      This is 80 column mode, light background.                                                                
06 (C):       This is 80 column mode, light background.                                                               
07 (C):        This is 80 column mode, light background.                                                              
08 (C):         This is 80 column mode, light background.                                                             
09 (C):          This is 80 column mode, light background.                                                            
10 (C):           This is 80 column mode, light background.                                                           
11 (C):            This is 80 column mode, light background.                                                          
12 (C):             This is 80 column mode, light background.                                                         
13 (C):              This is 80 column mode, light background.                                                        
14 (C):               This is 80 column mode, light background.                                                       
15 (C):                This is 80 column mode, light background.                                                      
16 (C):                 This is 80 column mode, light background.                                                     
17 (C):                  This is 80 column mode, light background.                                                    
18 (C):                   This is 80 column mode, light background.                                                   
19 (C):                    This is 80 column mode, light background.Push <RETURN>                                     
20 (C):                                                                                                               
21 (C):                                                                                                               
22 (C):                                                                                                               
23 (C):                                                                                                               
24 (C):                                                                                                               
25 (C):                                                                                                               
26 (C):                                                                                                               
27 (C):                                                                                                               
28 (C):                                                                                                               
29 (C):                                                                                                               
30 (C):                                                                                                               
31 (C):                                                                                                               
32 (C):                                                                                                               
33 (C):                                                                                                               
34 (C):                                                                                                               
35 (C):                                                                                                               
36 (C):                                                                                                               
37 (C):                                                                                                               
38 (C):                                                                                                               
39 (C):                                                                                                               
40 (C):                                                                                                               

